

================================================================
== Vivado HLS Report for 'aes_expand_key58'
================================================================
* Date:           Sun Dec 12 23:30:53 2021

* Version:        2019.1 (Build 2552052 on Fri May 24 15:28:33 MDT 2019)
* Project:        AES-XTS
* Solution:       solution1
* Product family: zynq
* Target device:  xc7z020-clg400-1


================================================================
== Performance Estimates
================================================================
+ Timing (ns): 
    * Summary: 
    +--------+-------+----------+------------+
    |  Clock | Target| Estimated| Uncertainty|
    +--------+-------+----------+------------+
    |ap_clk  |  10.00|     8.750|        1.25|
    +--------+-------+----------+------------+

+ Latency (clock cycles): 
    * Summary: 
    +------+------+------+------+---------+
    |   Latency   |   Interval  | Pipeline|
    |  min |  max |  min |  max |   Type  |
    +------+------+------+------+---------+
    |  2069|  5345|  2069|  5345|   none  |
    +------+------+------+------+---------+

    + Detail: 
        * Instance: 
        N/A

        * Loop: 
        +-------------+------+------+----------+-----------+-----------+------+----------+
        |             |   Latency   | Iteration|  Initiation Interval  | Trip |          |
        |  Loop Name  |  min |  max |  Latency |  achieved |   target  | Count| Pipelined|
        +-------------+------+------+----------+-----------+-----------+------+----------+
        |- Loop 1     |    64|    64|         2|          -|          -|    32|    no    |
        |- Loop 2     |  1508|  4784|  29 ~ 92 |          -|          -|    52|    no    |
        | + Loop 2.1  |    12|    12|         3|          -|          -|     4|    no    |
        | + Loop 2.2  |     9|     9|         3|          -|          -|     3|    no    |
        | + Loop 2.3  |    44|    44|        11|          -|          -|     4|    no    |
        | + Loop 2.4  |    44|    44|        11|          -|          -|     4|    no    |
        | + Loop 2.5  |     8|     8|         2|          -|          -|     4|    no    |
        | + Loop 2.6  |     4|     4|         1|          -|          -|     4|    no    |
        |- Loop 3     |   488|   488|       122|          -|          -|     4|    no    |
        | + Loop 3.1  |   120|   120|         2|          -|          -|    60|    no    |
        +-------------+------+------+----------+-----------+-----------+------+----------+



================================================================
== Utilization Estimates
================================================================
* Summary: 
+-----------------+---------+-------+--------+-------+-----+
|       Name      | BRAM_18K| DSP48E|   FF   |  LUT  | URAM|
+-----------------+---------+-------+--------+-------+-----+
|DSP              |        -|      -|       -|      -|    -|
|Expression       |        -|      -|       0|    805|    -|
|FIFO             |        -|      -|       -|      -|    -|
|Instance         |        -|      -|       0|     84|    -|
|Memory           |        1|      -|       0|      0|    0|
|Multiplexer      |        -|      -|       -|    935|    -|
|Register         |        -|      -|    1158|      -|    -|
+-----------------+---------+-------+--------+-------+-----+
|Total            |        1|      0|    1158|   1824|    0|
+-----------------+---------+-------+--------+-------+-----+
|Available        |      280|    220|  106400|  53200|    0|
+-----------------+---------+-------+--------+-------+-----+
|Utilization (%)  |    ~0   |      0|       1|      3|    0|
+-----------------+---------+-------+--------+-------+-----+

+ Detail: 
    * Instance: 
    +-------------------------+----------------------+---------+-------+---+----+-----+
    |         Instance        |        Module        | BRAM_18K| DSP48E| FF| LUT| URAM|
    +-------------------------+----------------------+---------+-------+---+----+-----+
    |xts_aes_mux_42_16cud_U1  |xts_aes_mux_42_16cud  |        0|      0|  0|  21|    0|
    |xts_aes_mux_42_16cud_U2  |xts_aes_mux_42_16cud  |        0|      0|  0|  21|    0|
    |xts_aes_mux_42_16cud_U3  |xts_aes_mux_42_16cud  |        0|      0|  0|  21|    0|
    |xts_aes_mux_42_16cud_U4  |xts_aes_mux_42_16cud  |        0|      0|  0|  21|    0|
    +-------------------------+----------------------+---------+-------+---+----+-----+
    |Total                    |                      |        0|      0|  0|  84|    0|
    +-------------------------+----------------------+---------+-------+---+----+-----+

    * DSP48E: 
    N/A

    * Memory: 
    +------------------+----------------------+---------+---+----+-----+------+-----+------+-------------+
    |      Memory      |        Module        | BRAM_18K| FF| LUT| URAM| Words| Bits| Banks| W*Bits*Banks|
    +------------------+----------------------+---------+---+----+-----+------+-----+------+-------------+
    |expanded_key_V_U  |aes_expand_key58_bkb  |        1|  0|   0|    0|   240|   16|     1|         3840|
    +------------------+----------------------+---------+---+----+-----+------+-----+------+-------------+
    |Total             |                      |        1|  0|   0|    0|   240|   16|     1|         3840|
    +------------------+----------------------+---------+---+----+-----+------+-----+------+-------------+

    * FIFO: 
    N/A

    * Expression: 
    +--------------------------------+----------+-------+---+-----+------------+------------+
    |          Variable Name         | Operation| DSP48E| FF| LUT | Bitwidth P0| Bitwidth P1|
    +--------------------------------+----------+-------+---+-----+------------+------------+
    |add_ln180_fu_1605_p2            |     +    |      0|  0|   15|           9|           9|
    |add_ln211_fu_1618_p2            |     +    |      0|  0|   15|           8|           8|
    |add_ln719_fu_1308_p2            |     +    |      0|  0|   69|          62|          62|
    |add_ln78_7_fu_1198_p2           |     +    |      0|  0|   40|          33|          33|
    |add_ln78_8_fu_1262_p2           |     +    |      0|  0|   24|           9|          17|
    |add_ln78_9_fu_1272_p2           |     +    |      0|  0|   40|          33|          33|
    |add_ln78_fu_1188_p2             |     +    |      0|  0|   24|           9|          17|
    |cur_len_V_fu_1541_p2            |     +    |      0|  0|   15|           3|           8|
    |i_10_fu_1377_p2                 |     +    |      0|  0|   12|           3|           1|
    |i_11_fu_1439_p2                 |     +    |      0|  0|   12|           3|           1|
    |i_5_fu_1111_p2                  |     +    |      0|  0|   12|           3|           1|
    |i_6_fu_1557_p2                  |     +    |      0|  0|   12|           3|           1|
    |i_7_fu_1222_p2                  |     +    |      0|  0|   10|           2|           1|
    |i_8_fu_1160_p2                  |     +    |      0|  0|   12|           3|           1|
    |i_9_fu_1234_p2                  |     +    |      0|  0|   12|           3|           1|
    |i_fu_1077_p2                    |     +    |      0|  0|   15|           6|           1|
    |j_fu_1595_p2                    |     +    |      0|  0|   15|           6|           1|
    |n_V_fu_1361_p2                  |     +    |      0|  0|   23|           1|          16|
    |ret_V_5_fu_1395_p2              |     +    |      0|  0|   15|           8|           8|
    |ret_V_6_fu_1483_p2              |     +    |      0|  0|   15|           1|           5|
    |ret_V_7_fu_1449_p2              |     +    |      0|  0|   15|           8|           8|
    |ret_V_fu_1127_p2                |     +    |      0|  0|   15|           8|           8|
    |sub_ln180_1_fu_1519_p2          |     -    |      0|  0|   13|           1|           4|
    |sub_ln180_fu_1583_p2            |     -    |      0|  0|   15|           9|           9|
    |ap_block_state8                 |    and   |      0|  0|    2|           1|           1|
    |icmp_ln145_fu_1071_p2           |   icmp   |      0|  0|   11|           6|           7|
    |icmp_ln156_fu_1105_p2           |   icmp   |      0|  0|    9|           3|           4|
    |icmp_ln164_fu_1216_p2           |   icmp   |      0|  0|    8|           2|           2|
    |icmp_ln170_fu_1228_p2           |   icmp   |      0|  0|    9|           3|           4|
    |icmp_ln183_fu_1154_p2           |   icmp   |      0|  0|    9|           3|           4|
    |icmp_ln193_fu_1371_p2           |   icmp   |      0|  0|    9|           3|           4|
    |icmp_ln198_fu_1433_p2           |   icmp   |      0|  0|    9|           3|           4|
    |icmp_ln207_fu_1551_p2           |   icmp   |      0|  0|    9|           3|           4|
    |icmp_ln209_fu_1589_p2           |   icmp   |      0|  0|   11|           6|           4|
    |icmp_ln879_1_fu_1148_p2         |   icmp   |      0|  0|    9|           4|           3|
    |icmp_ln879_fu_1142_p2           |   icmp   |      0|  0|    9|           4|           1|
    |icmp_ln887_fu_1099_p2           |   icmp   |      0|  0|   11|           8|           6|
    |lshr_ln719_fu_1341_p2           |   lshr   |      0|  0|  182|          64|          64|
    |select_ln1372_fu_1533_p3        |  select  |      0|  0|    4|           1|           4|
    |temporary_key_0_V_1_fu_1354_p2  |    xor   |      0|  0|   16|          16|          16|
    |temporary_key_0_V_9_fu_1423_p2  |    xor   |      0|  0|   16|          16|          16|
    |xor_ln1372_fu_1505_p2           |    xor   |      0|  0|    3|           3|           2|
    |xor_ln158_fu_1117_p2            |    xor   |      0|  0|    4|           3|           4|
    +--------------------------------+----------+-------+---+-----+------------+------------+
    |Total                           |          |      0|  0|  805|         386|         408|
    +--------------------------------+----------+-------+---+-----+------------+------------+

    * Multiplexer: 
    +-------------------------------------------------+-----+-----------+-----+-----------+
    |                       Name                      | LUT | Input Size| Bits| Total Bits|
    +-------------------------------------------------+-----+-----------+-----+-----------+
    |ap_NS_fsm                                        |  233|         54|    1|         54|
    |ap_phi_mux_temporary_key_0_V_1_1_phi_fu_885_p6   |    9|          2|   16|         32|
    |ap_phi_mux_temporary_key_0_V_1_2_phi_fu_1013_p8  |   15|          3|   16|         48|
    |ap_phi_mux_temporary_key_1_V_1_1_phi_fu_870_p6   |    9|          2|   16|         32|
    |ap_phi_mux_temporary_key_1_V_1_2_phi_fu_995_p8   |   15|          3|   16|         48|
    |ap_phi_mux_temporary_key_2_V_1_1_phi_fu_855_p6   |    9|          2|   16|         32|
    |ap_phi_mux_temporary_key_2_V_1_2_phi_fu_977_p8   |   15|          3|   16|         48|
    |ap_phi_mux_temporary_key_3_V_9_1_phi_fu_840_p6   |    9|          2|   16|         32|
    |ap_phi_mux_temporary_key_3_V_9_2_phi_fu_959_p8   |   15|          3|   16|         48|
    |expanded_key_V_address0                          |   33|          6|    8|         48|
    |expanded_key_V_d0                                |   15|          3|   16|         48|
    |i2_0_reg_392                                     |    9|          2|    3|          6|
    |i3_0_reg_635                                     |    9|          2|    2|          4|
    |i4_0_reg_754                                     |    9|          2|    3|          6|
    |i5_0_reg_519                                     |    9|          2|    3|          6|
    |i7_0_reg_944                                     |    9|          2|    3|          6|
    |i9_0_reg_1038                                    |    9|          2|    3|          6|
    |i_0_reg_264                                      |    9|          2|    6|         12|
    |i_op_assign_4_reg_1027                           |    9|          2|    3|          6|
    |j_0_reg_1049                                     |    9|          2|    6|         12|
    |key_V_blk_n_AR                                   |    9|          2|    1|          2|
    |key_V_blk_n_R                                    |    9|          2|    1|          2|
    |m_axi_s_box_V_ARADDR                             |   15|          3|   32|         96|
    |n_V_1_fu_140                                     |    9|          2|   16|         32|
    |p_0216_0_reg_324                                 |    9|          2|    4|          8|
    |p_084_0_reg_336                                  |    9|          2|    8|         16|
    |rcon_V_blk_n_AR                                  |    9|          2|    1|          2|
    |rcon_V_blk_n_R                                   |    9|          2|    1|          2|
    |s_box_V_blk_n_AR                                 |    9|          2|    1|          2|
    |s_box_V_blk_n_R                                  |    9|          2|    1|          2|
    |temporary_key_0_V_116_reg_932                    |    9|          2|   16|         32|
    |temporary_key_0_V_1_1_reg_882                    |   15|          3|   16|         48|
    |temporary_key_0_V_3_1_reg_694                    |    9|          2|   16|         32|
    |temporary_key_0_V_3_reg_624                      |    9|          2|   16|         32|
    |temporary_key_0_V_5_1_reg_819                    |    9|          2|   16|         32|
    |temporary_key_0_V_5_reg_743                      |    9|          2|   16|         32|
    |temporary_key_0_V_6_reg_647                      |   15|          3|   16|         48|
    |temporary_key_0_V_72_reg_508                     |    9|          2|   16|         32|
    |temporary_key_0_V_7_1_reg_584                    |    9|          2|   16|         32|
    |temporary_key_1_V_11_reg_920                     |    9|          2|   16|         32|
    |temporary_key_1_V_1_1_reg_867                    |   15|          3|   16|         48|
    |temporary_key_1_V_1_3_reg_439                    |    9|          2|   16|         32|
    |temporary_key_1_V_1_reg_370                      |    9|          2|   16|         32|
    |temporary_key_1_V_3_1_reg_678                    |    9|          2|   16|         32|
    |temporary_key_1_V_3_reg_613                      |    9|          2|   16|         32|
    |temporary_key_1_V_5_1_reg_801                    |    9|          2|   16|         32|
    |temporary_key_1_V_5_reg_732                      |    9|          2|   16|         32|
    |temporary_key_1_V_7_1_reg_566                    |    9|          2|   16|         32|
    |temporary_key_1_V_7_reg_497                      |    9|          2|   16|         32|
    |temporary_key_2_V_11_reg_908                     |    9|          2|   16|         32|
    |temporary_key_2_V_1_1_reg_852                    |   15|          3|   16|         48|
    |temporary_key_2_V_1_3_reg_421                    |    9|          2|   16|         32|
    |temporary_key_2_V_1_reg_359                      |    9|          2|   16|         32|
    |temporary_key_2_V_3_1_reg_662                    |    9|          2|   16|         32|
    |temporary_key_2_V_3_reg_602                      |    9|          2|   16|         32|
    |temporary_key_2_V_5_1_reg_783                    |    9|          2|   16|         32|
    |temporary_key_2_V_5_reg_721                      |    9|          2|   16|         32|
    |temporary_key_2_V_7_1_reg_548                    |    9|          2|   16|         32|
    |temporary_key_2_V_7_reg_486                      |    9|          2|   16|         32|
    |temporary_key_3_V_1_1_reg_403                    |    9|          2|   16|         32|
    |temporary_key_3_V_1_reg_348                      |    9|          2|   16|         32|
    |temporary_key_3_V_3_1_reg_765                    |    9|          2|   16|         32|
    |temporary_key_3_V_3_reg_710                      |    9|          2|   16|         32|
    |temporary_key_3_V_5_1_reg_530                    |    9|          2|   16|         32|
    |temporary_key_3_V_5_reg_475                      |    9|          2|   16|         32|
    |temporary_key_3_V_9_1_reg_837                    |   15|          3|   16|         48|
    |temporary_key_3_V_9_reg_896                      |    9|          2|   16|         32|
    |temporary_key_3_V_b_reg_457                      |    9|          2|   16|         32|
    |temporary_key_3_V_reg_381                        |    9|          2|   16|         32|
    +-------------------------------------------------+-----+-----------+-----+-----------+
    |Total                                            |  935|        205|  875|       2026|
    +-------------------------------------------------+-----+-----------+-----+-----------+

    * Register: 
    +-------------------------------+----+----+-----+-----------+
    |              Name             | FF | LUT| Bits| Const Bits|
    +-------------------------------+----+----+-----+-----------+
    |add_ln180_reg_1868             |   9|   0|    9|          0|
    |add_ln719_reg_1777             |  62|   0|   62|          0|
    |ap_CS_fsm                      |  53|   0|   53|          0|
    |i2_0_reg_392                   |   3|   0|    3|          0|
    |i3_0_reg_635                   |   2|   0|    2|          0|
    |i4_0_reg_754                   |   3|   0|    3|          0|
    |i5_0_reg_519                   |   3|   0|    3|          0|
    |i7_0_reg_944                   |   3|   0|    3|          0|
    |i9_0_reg_1038                  |   3|   0|    3|          0|
    |i_0_reg_264                    |   6|   0|    6|          0|
    |i_10_reg_1809                  |   3|   0|    3|          0|
    |i_5_reg_1685                   |   3|   0|    3|          0|
    |i_6_reg_1850                   |   3|   0|    3|          0|
    |i_7_reg_1748                   |   2|   0|    2|          0|
    |i_8_reg_1717                   |   3|   0|    3|          0|
    |i_9_reg_1756                   |   3|   0|    3|          0|
    |i_op_assign_4_reg_1027         |   3|   0|    3|          0|
    |i_reg_1651                     |   6|   0|    6|          0|
    |icmp_ln879_reg_1699            |   1|   0|    1|          0|
    |j_0_reg_1049                   |   6|   0|    6|          0|
    |j_reg_1863                     |   6|   0|    6|          0|
    |key_V_addr_read_reg_1656       |  16|   0|   16|          0|
    |n_V_1_fu_140                   |  16|   0|   16|          0|
    |n_V_1_load_reg_1771            |  16|   0|   16|          0|
    |p_0216_0_reg_324               |   4|   0|    4|          0|
    |p_084_0_reg_336                |   8|   0|    8|          0|
    |rcon_V_addr_read_reg_1801      |  64|   0|   64|          0|
    |s_box_V_addr_1_read_reg_1782   |   8|   0|    8|          0|
    |s_box_V_addr_1_reg_1765        |  32|   0|   32|          0|
    |s_box_V_addr_read_reg_1732     |   8|   0|    8|          0|
    |s_box_V_addr_reg_1726          |  32|   0|   32|          0|
    |sext_ln719_9_reg_1668          |  33|   0|   33|          0|
    |sub_ln180_reg_1855             |   7|   0|    9|          2|
    |temporary_key_0_V_0_reg_312    |  16|   0|   16|          0|
    |temporary_key_0_V_116_reg_932  |  16|   0|   16|          0|
    |temporary_key_0_V_1_1_reg_882  |  16|   0|   16|          0|
    |temporary_key_0_V_3_1_reg_694  |  16|   0|   16|          0|
    |temporary_key_0_V_3_reg_624    |  16|   0|   16|          0|
    |temporary_key_0_V_5_1_reg_819  |  16|   0|   16|          0|
    |temporary_key_0_V_5_reg_743    |  16|   0|   16|          0|
    |temporary_key_0_V_6_reg_647    |  16|   0|   16|          0|
    |temporary_key_0_V_72_reg_508   |  16|   0|   16|          0|
    |temporary_key_0_V_7_1_reg_584  |  16|   0|   16|          0|
    |temporary_key_1_V_0_reg_300    |  16|   0|   16|          0|
    |temporary_key_1_V_11_reg_920   |  16|   0|   16|          0|
    |temporary_key_1_V_1_1_reg_867  |  16|   0|   16|          0|
    |temporary_key_1_V_1_3_reg_439  |  16|   0|   16|          0|
    |temporary_key_1_V_1_reg_370    |  16|   0|   16|          0|
    |temporary_key_1_V_3_1_reg_678  |  16|   0|   16|          0|
    |temporary_key_1_V_3_reg_613    |  16|   0|   16|          0|
    |temporary_key_1_V_5_1_reg_801  |  16|   0|   16|          0|
    |temporary_key_1_V_5_reg_732    |  16|   0|   16|          0|
    |temporary_key_1_V_7_1_reg_566  |  16|   0|   16|          0|
    |temporary_key_1_V_7_reg_497    |  16|   0|   16|          0|
    |temporary_key_2_V_0_reg_288    |  16|   0|   16|          0|
    |temporary_key_2_V_11_reg_908   |  16|   0|   16|          0|
    |temporary_key_2_V_1_1_reg_852  |  16|   0|   16|          0|
    |temporary_key_2_V_1_3_reg_421  |  16|   0|   16|          0|
    |temporary_key_2_V_1_reg_359    |  16|   0|   16|          0|
    |temporary_key_2_V_3_1_reg_662  |  16|   0|   16|          0|
    |temporary_key_2_V_3_reg_602    |  16|   0|   16|          0|
    |temporary_key_2_V_5_1_reg_783  |  16|   0|   16|          0|
    |temporary_key_2_V_5_reg_721    |  16|   0|   16|          0|
    |temporary_key_2_V_7_1_reg_548  |  16|   0|   16|          0|
    |temporary_key_2_V_7_reg_486    |  16|   0|   16|          0|
    |temporary_key_3_V_0_reg_276    |  16|   0|   16|          0|
    |temporary_key_3_V_1_1_reg_403  |  16|   0|   16|          0|
    |temporary_key_3_V_1_reg_348    |  16|   0|   16|          0|
    |temporary_key_3_V_3_1_reg_765  |  16|   0|   16|          0|
    |temporary_key_3_V_3_reg_710    |  16|   0|   16|          0|
    |temporary_key_3_V_5_1_reg_530  |  16|   0|   16|          0|
    |temporary_key_3_V_5_reg_475    |  16|   0|   16|          0|
    |temporary_key_3_V_9_1_reg_837  |  16|   0|   16|          0|
    |temporary_key_3_V_9_reg_896    |  16|   0|   16|          0|
    |temporary_key_3_V_b_reg_457    |  16|   0|   16|          0|
    |temporary_key_3_V_reg_381      |  16|   0|   16|          0|
    |trunc_ln172_reg_1761           |   2|   0|    2|          0|
    |trunc_ln180_reg_1695           |   2|   0|    2|          0|
    |trunc_ln185_reg_1722           |   2|   0|    2|          0|
    |trunc_ln719_10_reg_1819        |   2|   0|    2|          0|
    |zext_ln207_reg_1842            |   3|   0|    8|          5|
    |zext_ln887_reg_1674            |  29|   0|   62|         33|
    +-------------------------------+----+----+-----+-----------+
    |Total                          |1158|   0| 1198|         40|
    +-------------------------------+----+----+-----+-----------+



================================================================
== Interface
================================================================
* Summary: 
+--------------------------------+-----+-----+------------+-----------------------+--------------+
|            RTL Ports           | Dir | Bits|  Protocol  |     Source Object     |    C Type    |
+--------------------------------+-----+-----+------------+-----------------------+--------------+
|ap_clk                          |  in |    1| ap_ctrl_hs |    aes_expand_key58   | return value |
|ap_rst                          |  in |    1| ap_ctrl_hs |    aes_expand_key58   | return value |
|ap_start                        |  in |    1| ap_ctrl_hs |    aes_expand_key58   | return value |
|ap_done                         | out |    1| ap_ctrl_hs |    aes_expand_key58   | return value |
|ap_idle                         | out |    1| ap_ctrl_hs |    aes_expand_key58   | return value |
|ap_ready                        | out |    1| ap_ctrl_hs |    aes_expand_key58   | return value |
|m_axi_key_V_AWVALID             | out |    1|    m_axi   |         key_V         |    pointer   |
|m_axi_key_V_AWREADY             |  in |    1|    m_axi   |         key_V         |    pointer   |
|m_axi_key_V_AWADDR              | out |   32|    m_axi   |         key_V         |    pointer   |
|m_axi_key_V_AWID                | out |    1|    m_axi   |         key_V         |    pointer   |
|m_axi_key_V_AWLEN               | out |   32|    m_axi   |         key_V         |    pointer   |
|m_axi_key_V_AWSIZE              | out |    3|    m_axi   |         key_V         |    pointer   |
|m_axi_key_V_AWBURST             | out |    2|    m_axi   |         key_V         |    pointer   |
|m_axi_key_V_AWLOCK              | out |    2|    m_axi   |         key_V         |    pointer   |
|m_axi_key_V_AWCACHE             | out |    4|    m_axi   |         key_V         |    pointer   |
|m_axi_key_V_AWPROT              | out |    3|    m_axi   |         key_V         |    pointer   |
|m_axi_key_V_AWQOS               | out |    4|    m_axi   |         key_V         |    pointer   |
|m_axi_key_V_AWREGION            | out |    4|    m_axi   |         key_V         |    pointer   |
|m_axi_key_V_AWUSER              | out |    1|    m_axi   |         key_V         |    pointer   |
|m_axi_key_V_WVALID              | out |    1|    m_axi   |         key_V         |    pointer   |
|m_axi_key_V_WREADY              |  in |    1|    m_axi   |         key_V         |    pointer   |
|m_axi_key_V_WDATA               | out |   16|    m_axi   |         key_V         |    pointer   |
|m_axi_key_V_WSTRB               | out |    2|    m_axi   |         key_V         |    pointer   |
|m_axi_key_V_WLAST               | out |    1|    m_axi   |         key_V         |    pointer   |
|m_axi_key_V_WID                 | out |    1|    m_axi   |         key_V         |    pointer   |
|m_axi_key_V_WUSER               | out |    1|    m_axi   |         key_V         |    pointer   |
|m_axi_key_V_ARVALID             | out |    1|    m_axi   |         key_V         |    pointer   |
|m_axi_key_V_ARREADY             |  in |    1|    m_axi   |         key_V         |    pointer   |
|m_axi_key_V_ARADDR              | out |   32|    m_axi   |         key_V         |    pointer   |
|m_axi_key_V_ARID                | out |    1|    m_axi   |         key_V         |    pointer   |
|m_axi_key_V_ARLEN               | out |   32|    m_axi   |         key_V         |    pointer   |
|m_axi_key_V_ARSIZE              | out |    3|    m_axi   |         key_V         |    pointer   |
|m_axi_key_V_ARBURST             | out |    2|    m_axi   |         key_V         |    pointer   |
|m_axi_key_V_ARLOCK              | out |    2|    m_axi   |         key_V         |    pointer   |
|m_axi_key_V_ARCACHE             | out |    4|    m_axi   |         key_V         |    pointer   |
|m_axi_key_V_ARPROT              | out |    3|    m_axi   |         key_V         |    pointer   |
|m_axi_key_V_ARQOS               | out |    4|    m_axi   |         key_V         |    pointer   |
|m_axi_key_V_ARREGION            | out |    4|    m_axi   |         key_V         |    pointer   |
|m_axi_key_V_ARUSER              | out |    1|    m_axi   |         key_V         |    pointer   |
|m_axi_key_V_RVALID              |  in |    1|    m_axi   |         key_V         |    pointer   |
|m_axi_key_V_RREADY              | out |    1|    m_axi   |         key_V         |    pointer   |
|m_axi_key_V_RDATA               |  in |   16|    m_axi   |         key_V         |    pointer   |
|m_axi_key_V_RLAST               |  in |    1|    m_axi   |         key_V         |    pointer   |
|m_axi_key_V_RID                 |  in |    1|    m_axi   |         key_V         |    pointer   |
|m_axi_key_V_RUSER               |  in |    1|    m_axi   |         key_V         |    pointer   |
|m_axi_key_V_RRESP               |  in |    2|    m_axi   |         key_V         |    pointer   |
|m_axi_key_V_BVALID              |  in |    1|    m_axi   |         key_V         |    pointer   |
|m_axi_key_V_BREADY              | out |    1|    m_axi   |         key_V         |    pointer   |
|m_axi_key_V_BRESP               |  in |    2|    m_axi   |         key_V         |    pointer   |
|m_axi_key_V_BID                 |  in |    1|    m_axi   |         key_V         |    pointer   |
|m_axi_key_V_BUSER               |  in |    1|    m_axi   |         key_V         |    pointer   |
|key_V_offset                    |  in |   31|   ap_none  |      key_V_offset     |    scalar    |
|m_axi_s_box_V_AWVALID           | out |    1|    m_axi   |        s_box_V        |    pointer   |
|m_axi_s_box_V_AWREADY           |  in |    1|    m_axi   |        s_box_V        |    pointer   |
|m_axi_s_box_V_AWADDR            | out |   32|    m_axi   |        s_box_V        |    pointer   |
|m_axi_s_box_V_AWID              | out |    1|    m_axi   |        s_box_V        |    pointer   |
|m_axi_s_box_V_AWLEN             | out |   32|    m_axi   |        s_box_V        |    pointer   |
|m_axi_s_box_V_AWSIZE            | out |    3|    m_axi   |        s_box_V        |    pointer   |
|m_axi_s_box_V_AWBURST           | out |    2|    m_axi   |        s_box_V        |    pointer   |
|m_axi_s_box_V_AWLOCK            | out |    2|    m_axi   |        s_box_V        |    pointer   |
|m_axi_s_box_V_AWCACHE           | out |    4|    m_axi   |        s_box_V        |    pointer   |
|m_axi_s_box_V_AWPROT            | out |    3|    m_axi   |        s_box_V        |    pointer   |
|m_axi_s_box_V_AWQOS             | out |    4|    m_axi   |        s_box_V        |    pointer   |
|m_axi_s_box_V_AWREGION          | out |    4|    m_axi   |        s_box_V        |    pointer   |
|m_axi_s_box_V_AWUSER            | out |    1|    m_axi   |        s_box_V        |    pointer   |
|m_axi_s_box_V_WVALID            | out |    1|    m_axi   |        s_box_V        |    pointer   |
|m_axi_s_box_V_WREADY            |  in |    1|    m_axi   |        s_box_V        |    pointer   |
|m_axi_s_box_V_WDATA             | out |    8|    m_axi   |        s_box_V        |    pointer   |
|m_axi_s_box_V_WSTRB             | out |    1|    m_axi   |        s_box_V        |    pointer   |
|m_axi_s_box_V_WLAST             | out |    1|    m_axi   |        s_box_V        |    pointer   |
|m_axi_s_box_V_WID               | out |    1|    m_axi   |        s_box_V        |    pointer   |
|m_axi_s_box_V_WUSER             | out |    1|    m_axi   |        s_box_V        |    pointer   |
|m_axi_s_box_V_ARVALID           | out |    1|    m_axi   |        s_box_V        |    pointer   |
|m_axi_s_box_V_ARREADY           |  in |    1|    m_axi   |        s_box_V        |    pointer   |
|m_axi_s_box_V_ARADDR            | out |   32|    m_axi   |        s_box_V        |    pointer   |
|m_axi_s_box_V_ARID              | out |    1|    m_axi   |        s_box_V        |    pointer   |
|m_axi_s_box_V_ARLEN             | out |   32|    m_axi   |        s_box_V        |    pointer   |
|m_axi_s_box_V_ARSIZE            | out |    3|    m_axi   |        s_box_V        |    pointer   |
|m_axi_s_box_V_ARBURST           | out |    2|    m_axi   |        s_box_V        |    pointer   |
|m_axi_s_box_V_ARLOCK            | out |    2|    m_axi   |        s_box_V        |    pointer   |
|m_axi_s_box_V_ARCACHE           | out |    4|    m_axi   |        s_box_V        |    pointer   |
|m_axi_s_box_V_ARPROT            | out |    3|    m_axi   |        s_box_V        |    pointer   |
|m_axi_s_box_V_ARQOS             | out |    4|    m_axi   |        s_box_V        |    pointer   |
|m_axi_s_box_V_ARREGION          | out |    4|    m_axi   |        s_box_V        |    pointer   |
|m_axi_s_box_V_ARUSER            | out |    1|    m_axi   |        s_box_V        |    pointer   |
|m_axi_s_box_V_RVALID            |  in |    1|    m_axi   |        s_box_V        |    pointer   |
|m_axi_s_box_V_RREADY            | out |    1|    m_axi   |        s_box_V        |    pointer   |
|m_axi_s_box_V_RDATA             |  in |    8|    m_axi   |        s_box_V        |    pointer   |
|m_axi_s_box_V_RLAST             |  in |    1|    m_axi   |        s_box_V        |    pointer   |
|m_axi_s_box_V_RID               |  in |    1|    m_axi   |        s_box_V        |    pointer   |
|m_axi_s_box_V_RUSER             |  in |    1|    m_axi   |        s_box_V        |    pointer   |
|m_axi_s_box_V_RRESP             |  in |    2|    m_axi   |        s_box_V        |    pointer   |
|m_axi_s_box_V_BVALID            |  in |    1|    m_axi   |        s_box_V        |    pointer   |
|m_axi_s_box_V_BREADY            | out |    1|    m_axi   |        s_box_V        |    pointer   |
|m_axi_s_box_V_BRESP             |  in |    2|    m_axi   |        s_box_V        |    pointer   |
|m_axi_s_box_V_BID               |  in |    1|    m_axi   |        s_box_V        |    pointer   |
|m_axi_s_box_V_BUSER             |  in |    1|    m_axi   |        s_box_V        |    pointer   |
|s_box_V_offset                  |  in |   32|   ap_none  |     s_box_V_offset    |    scalar    |
|m_axi_rcon_V_AWVALID            | out |    1|    m_axi   |         rcon_V        |    pointer   |
|m_axi_rcon_V_AWREADY            |  in |    1|    m_axi   |         rcon_V        |    pointer   |
|m_axi_rcon_V_AWADDR             | out |   32|    m_axi   |         rcon_V        |    pointer   |
|m_axi_rcon_V_AWID               | out |    1|    m_axi   |         rcon_V        |    pointer   |
|m_axi_rcon_V_AWLEN              | out |   32|    m_axi   |         rcon_V        |    pointer   |
|m_axi_rcon_V_AWSIZE             | out |    3|    m_axi   |         rcon_V        |    pointer   |
|m_axi_rcon_V_AWBURST            | out |    2|    m_axi   |         rcon_V        |    pointer   |
|m_axi_rcon_V_AWLOCK             | out |    2|    m_axi   |         rcon_V        |    pointer   |
|m_axi_rcon_V_AWCACHE            | out |    4|    m_axi   |         rcon_V        |    pointer   |
|m_axi_rcon_V_AWPROT             | out |    3|    m_axi   |         rcon_V        |    pointer   |
|m_axi_rcon_V_AWQOS              | out |    4|    m_axi   |         rcon_V        |    pointer   |
|m_axi_rcon_V_AWREGION           | out |    4|    m_axi   |         rcon_V        |    pointer   |
|m_axi_rcon_V_AWUSER             | out |    1|    m_axi   |         rcon_V        |    pointer   |
|m_axi_rcon_V_WVALID             | out |    1|    m_axi   |         rcon_V        |    pointer   |
|m_axi_rcon_V_WREADY             |  in |    1|    m_axi   |         rcon_V        |    pointer   |
|m_axi_rcon_V_WDATA              | out |   64|    m_axi   |         rcon_V        |    pointer   |
|m_axi_rcon_V_WSTRB              | out |    8|    m_axi   |         rcon_V        |    pointer   |
|m_axi_rcon_V_WLAST              | out |    1|    m_axi   |         rcon_V        |    pointer   |
|m_axi_rcon_V_WID                | out |    1|    m_axi   |         rcon_V        |    pointer   |
|m_axi_rcon_V_WUSER              | out |    1|    m_axi   |         rcon_V        |    pointer   |
|m_axi_rcon_V_ARVALID            | out |    1|    m_axi   |         rcon_V        |    pointer   |
|m_axi_rcon_V_ARREADY            |  in |    1|    m_axi   |         rcon_V        |    pointer   |
|m_axi_rcon_V_ARADDR             | out |   32|    m_axi   |         rcon_V        |    pointer   |
|m_axi_rcon_V_ARID               | out |    1|    m_axi   |         rcon_V        |    pointer   |
|m_axi_rcon_V_ARLEN              | out |   32|    m_axi   |         rcon_V        |    pointer   |
|m_axi_rcon_V_ARSIZE             | out |    3|    m_axi   |         rcon_V        |    pointer   |
|m_axi_rcon_V_ARBURST            | out |    2|    m_axi   |         rcon_V        |    pointer   |
|m_axi_rcon_V_ARLOCK             | out |    2|    m_axi   |         rcon_V        |    pointer   |
|m_axi_rcon_V_ARCACHE            | out |    4|    m_axi   |         rcon_V        |    pointer   |
|m_axi_rcon_V_ARPROT             | out |    3|    m_axi   |         rcon_V        |    pointer   |
|m_axi_rcon_V_ARQOS              | out |    4|    m_axi   |         rcon_V        |    pointer   |
|m_axi_rcon_V_ARREGION           | out |    4|    m_axi   |         rcon_V        |    pointer   |
|m_axi_rcon_V_ARUSER             | out |    1|    m_axi   |         rcon_V        |    pointer   |
|m_axi_rcon_V_RVALID             |  in |    1|    m_axi   |         rcon_V        |    pointer   |
|m_axi_rcon_V_RREADY             | out |    1|    m_axi   |         rcon_V        |    pointer   |
|m_axi_rcon_V_RDATA              |  in |   64|    m_axi   |         rcon_V        |    pointer   |
|m_axi_rcon_V_RLAST              |  in |    1|    m_axi   |         rcon_V        |    pointer   |
|m_axi_rcon_V_RID                |  in |    1|    m_axi   |         rcon_V        |    pointer   |
|m_axi_rcon_V_RUSER              |  in |    1|    m_axi   |         rcon_V        |    pointer   |
|m_axi_rcon_V_RRESP              |  in |    2|    m_axi   |         rcon_V        |    pointer   |
|m_axi_rcon_V_BVALID             |  in |    1|    m_axi   |         rcon_V        |    pointer   |
|m_axi_rcon_V_BREADY             | out |    1|    m_axi   |         rcon_V        |    pointer   |
|m_axi_rcon_V_BRESP              |  in |    2|    m_axi   |         rcon_V        |    pointer   |
|m_axi_rcon_V_BID                |  in |    1|    m_axi   |         rcon_V        |    pointer   |
|m_axi_rcon_V_BUSER              |  in |    1|    m_axi   |         rcon_V        |    pointer   |
|rcon_V_offset                   |  in |   29|   ap_none  |     rcon_V_offset     |    scalar    |
|expanded_key_matrix_V_address0  | out |    8|  ap_memory | expanded_key_matrix_V |     array    |
|expanded_key_matrix_V_ce0       | out |    1|  ap_memory | expanded_key_matrix_V |     array    |
|expanded_key_matrix_V_we0       | out |    1|  ap_memory | expanded_key_matrix_V |     array    |
|expanded_key_matrix_V_d0        | out |   16|  ap_memory | expanded_key_matrix_V |     array    |
+--------------------------------+-----+-----+------------+-----------------------+--------------+

