

================================================================
== Vivado HLS Report for 'aes_expand_key'
================================================================
* Date:           Mon Dec 13 15:29:29 2021

* Version:        2019.1 (Build 2552052 on Fri May 24 15:28:33 MDT 2019)
* Project:        AES-XTS
* Solution:       solution1
* Product family: zynq
* Target device:  xc7z020-clg400-1


================================================================
== Performance Estimates
================================================================
+ Timing (ns): 
    * Summary: 
    +--------+-------+----------+------------+
    |  Clock | Target| Estimated| Uncertainty|
    +--------+-------+----------+------------+
    |ap_clk  |  10.00|     8.750|        1.25|
    +--------+-------+----------+------------+

+ Latency (clock cycles): 
    * Summary: 
    +------+------+------+------+---------+
    |   Latency   |   Interval  | Pipeline|
    |  min |  max |  min |  max |   Type  |
    +------+------+------+------+---------+
    |  2070|  3266|  2070|  3266|   none  |
    +------+------+------+------+---------+

    + Detail: 
        * Instance: 
        N/A

        * Loop: 
        +-------------+------+------+----------+-----------+-----------+------+----------+
        |             |   Latency   | Iteration|  Initiation Interval  | Trip |          |
        |  Loop Name  |  min |  max |  Latency |  achieved |   target  | Count| Pipelined|
        +-------------+------+------+----------+-----------+-----------+------+----------+
        |- Loop 1     |    64|    64|         2|          -|          -|    32|    no    |
        |- Loop 2     |  1508|  2704|  29 ~ 52 |          -|          -|    52|    no    |
        | + Loop 2.1  |    12|    12|         3|          -|          -|     4|    no    |
        | + Loop 2.2  |     9|     9|         3|          -|          -|     3|    no    |
        | + Loop 2.3  |    12|    12|         3|          -|          -|     4|    no    |
        | + Loop 2.4  |    12|    12|         3|          -|          -|     4|    no    |
        | + Loop 2.5  |     8|     8|         2|          -|          -|     4|    no    |
        | + Loop 2.6  |     4|     4|         1|          -|          -|     4|    no    |
        |- Loop 3     |   488|   488|       122|          -|          -|     4|    no    |
        | + Loop 3.1  |   120|   120|         2|          -|          -|    60|    no    |
        +-------------+------+------+----------+-----------+-----------+------+----------+



================================================================
== Utilization Estimates
================================================================
* Summary: 
+-----------------+---------+-------+--------+-------+-----+
|       Name      | BRAM_18K| DSP48E|   FF   |  LUT  | URAM|
+-----------------+---------+-------+--------+-------+-----+
|DSP              |        -|      -|       -|      -|    -|
|Expression       |        -|      -|       0|    491|    -|
|FIFO             |        -|      -|       -|      -|    -|
|Instance         |        -|      -|       0|     84|    -|
|Memory           |        2|      -|       0|      0|    0|
|Multiplexer      |        -|      -|       -|    807|    -|
|Register         |        -|      -|     883|      -|    -|
+-----------------+---------+-------+--------+-------+-----+
|Total            |        2|      0|     883|   1382|    0|
+-----------------+---------+-------+--------+-------+-----+
|Available        |      280|    220|  106400|  53200|    0|
+-----------------+---------+-------+--------+-------+-----+
|Utilization (%)  |    ~0   |      0|   ~0   |      2|    0|
+-----------------+---------+-------+--------+-------+-----+

+ Detail: 
    * Instance: 
    +-------------------------+----------------------+---------+-------+---+----+-----+
    |         Instance        |        Module        | BRAM_18K| DSP48E| FF| LUT| URAM|
    +-------------------------+----------------------+---------+-------+---+----+-----+
    |xts_aes_mux_42_16cud_U1  |xts_aes_mux_42_16cud  |        0|      0|  0|  21|    0|
    |xts_aes_mux_42_16cud_U2  |xts_aes_mux_42_16cud  |        0|      0|  0|  21|    0|
    |xts_aes_mux_42_16cud_U3  |xts_aes_mux_42_16cud  |        0|      0|  0|  21|    0|
    |xts_aes_mux_42_16cud_U4  |xts_aes_mux_42_16cud  |        0|      0|  0|  21|    0|
    +-------------------------+----------------------+---------+-------+---+----+-----+
    |Total                    |                      |        0|      0|  0|  84|    0|
    +-------------------------+----------------------+---------+-------+---+----+-----+

    * DSP48E: 
    N/A

    * Memory: 
    +------------------+----------------------+---------+---+----+-----+------+-----+------+-------------+
    |      Memory      |        Module        | BRAM_18K| FF| LUT| URAM| Words| Bits| Banks| W*Bits*Banks|
    +------------------+----------------------+---------+---+----+-----+------+-----+------+-------------+
    |expanded_key_V_U  |aes_expand_key_exbkb  |        1|  0|   0|    0|   240|   16|     1|         3840|
    |rcon_U            |aes_expand_key_rcon   |        1|  0|   0|    0|   256|    8|     1|         2048|
    +------------------+----------------------+---------+---+----+-----+------+-----+------+-------------+
    |Total             |                      |        2|  0|   0|    0|   496|   24|     2|         5888|
    +------------------+----------------------+---------+---+----+-----+------+-----+------+-------------+

    * FIFO: 
    N/A

    * Expression: 
    +--------------------------------+----------+-------+---+----+------------+------------+
    |          Variable Name         | Operation| DSP48E| FF| LUT| Bitwidth P0| Bitwidth P1|
    +--------------------------------+----------+-------+---+----+------------+------------+
    |add_ln180_8_fu_1509_p2          |     +    |      0|  0|  15|           9|           9|
    |add_ln180_fu_1042_p2            |     +    |      0|  0|  39|          32|          32|
    |add_ln218_fu_1522_p2            |     +    |      0|  0|  15|           8|           8|
    |add_ln78_1_fu_1230_p2           |     +    |      0|  0|  13|           9|          11|
    |add_ln78_fu_1169_p2             |     +    |      0|  0|  13|           9|          11|
    |cur_len_V_fu_1445_p2            |     +    |      0|  0|  15|           3|           8|
    |i_10_fu_1281_p2                 |     +    |      0|  0|  12|           3|           1|
    |i_11_fu_1343_p2                 |     +    |      0|  0|  12|           3|           1|
    |i_4_fu_1092_p2                  |     +    |      0|  0|  12|           3|           1|
    |i_5_fu_1461_p2                  |     +    |      0|  0|  12|           3|           1|
    |i_6_fu_1190_p2                  |     +    |      0|  0|  10|           2|           1|
    |i_7_fu_1141_p2                  |     +    |      0|  0|  12|           3|           1|
    |i_8_fu_1202_p2                  |     +    |      0|  0|  12|           3|           1|
    |i_fu_1064_p2                    |     +    |      0|  0|  15|           6|           1|
    |j_fu_1499_p2                    |     +    |      0|  0|  15|           6|           1|
    |n_V_fu_1249_p2                  |     +    |      0|  0|  23|          16|           1|
    |ret_V_4_fu_1299_p2              |     +    |      0|  0|  15|           8|           8|
    |ret_V_5_fu_1387_p2              |     +    |      0|  0|  15|           1|           5|
    |ret_V_6_fu_1353_p2              |     +    |      0|  0|  15|           8|           8|
    |ret_V_fu_1108_p2                |     +    |      0|  0|  15|           8|           8|
    |sub_ln180_1_fu_1423_p2          |     -    |      0|  0|  13|           1|           4|
    |sub_ln180_fu_1487_p2            |     -    |      0|  0|  15|           9|           9|
    |ap_block_state9                 |    and   |      0|  0|   2|           1|           1|
    |icmp_ln152_fu_1058_p2           |   icmp   |      0|  0|  11|           6|           7|
    |icmp_ln163_fu_1086_p2           |   icmp   |      0|  0|   9|           3|           4|
    |icmp_ln171_fu_1184_p2           |   icmp   |      0|  0|   8|           2|           2|
    |icmp_ln177_fu_1196_p2           |   icmp   |      0|  0|   9|           3|           4|
    |icmp_ln190_fu_1135_p2           |   icmp   |      0|  0|   9|           3|           4|
    |icmp_ln200_fu_1275_p2           |   icmp   |      0|  0|   9|           3|           4|
    |icmp_ln205_fu_1337_p2           |   icmp   |      0|  0|   9|           3|           4|
    |icmp_ln214_fu_1455_p2           |   icmp   |      0|  0|   9|           3|           4|
    |icmp_ln216_fu_1493_p2           |   icmp   |      0|  0|  11|           6|           4|
    |icmp_ln879_1_fu_1129_p2         |   icmp   |      0|  0|   9|           4|           3|
    |icmp_ln879_fu_1123_p2           |   icmp   |      0|  0|   9|           4|           1|
    |icmp_ln887_fu_1080_p2           |   icmp   |      0|  0|  11|           8|           6|
    |select_ln1372_fu_1437_p3        |  select  |      0|  0|   4|           1|           4|
    |temporary_key_0_V_1_fu_1268_p2  |    xor   |      0|  0|  16|          16|          16|
    |temporary_key_0_V_9_fu_1327_p2  |    xor   |      0|  0|  16|          16|          16|
    |xor_ln1372_fu_1409_p2           |    xor   |      0|  0|   3|           3|           2|
    |xor_ln165_fu_1098_p2            |    xor   |      0|  0|   4|           3|           4|
    +--------------------------------+----------+-------+---+----+------------+------------+
    |Total                           |          |      0|  0| 491|         241|         221|
    +--------------------------------+----------+-------+---+----+------------+------------+

    * Multiplexer: 
    +------------------------------------------------+-----+-----------+-----+-----------+
    |                      Name                      | LUT | Input Size| Bits| Total Bits|
    +------------------------------------------------+-----+-----------+-----+-----------+
    |ap_NS_fsm                                       |  141|         31|    1|         31|
    |ap_phi_mux_temporary_key_0_V_1_1_phi_fu_855_p6  |    9|          2|   16|         32|
    |ap_phi_mux_temporary_key_0_V_1_2_phi_fu_983_p8  |   15|          3|   16|         48|
    |ap_phi_mux_temporary_key_1_V_1_1_phi_fu_840_p6  |    9|          2|   16|         32|
    |ap_phi_mux_temporary_key_1_V_1_2_phi_fu_965_p8  |   15|          3|   16|         48|
    |ap_phi_mux_temporary_key_2_V_1_1_phi_fu_825_p6  |    9|          2|   16|         32|
    |ap_phi_mux_temporary_key_2_V_1_2_phi_fu_947_p8  |   15|          3|   16|         48|
    |ap_phi_mux_temporary_key_3_V_9_1_phi_fu_810_p6  |    9|          2|   16|         32|
    |ap_phi_mux_temporary_key_3_V_9_2_phi_fu_929_p8  |   15|          3|   16|         48|
    |expanded_key_V_address0                         |   33|          6|    8|         48|
    |expanded_key_V_d0                               |   15|          3|   16|         48|
    |i2_0_reg_362                                    |    9|          2|    3|          6|
    |i3_0_reg_605                                    |    9|          2|    2|          4|
    |i4_0_reg_724                                    |    9|          2|    3|          6|
    |i5_0_reg_489                                    |    9|          2|    3|          6|
    |i7_0_reg_914                                    |    9|          2|    3|          6|
    |i9_0_reg_1008                                   |    9|          2|    3|          6|
    |i_0_reg_234                                     |    9|          2|    6|         12|
    |i_op_assign_4_reg_997                           |    9|          2|    3|          6|
    |j_0_reg_1019                                    |    9|          2|    6|         12|
    |key_V_blk_n_AR                                  |    9|          2|    1|          2|
    |key_V_blk_n_R                                   |    9|          2|    1|          2|
    |n_V_1_fu_118                                    |    9|          2|   16|         32|
    |p_0216_0_reg_294                                |    9|          2|    4|          8|
    |p_084_0_reg_306                                 |    9|          2|    8|         16|
    |s_box_V_address0                                |   15|          3|   10|         30|
    |temporary_key_0_V_116_reg_902                   |    9|          2|   16|         32|
    |temporary_key_0_V_1_1_reg_852                   |   15|          3|   16|         48|
    |temporary_key_0_V_3_1_reg_664                   |    9|          2|   16|         32|
    |temporary_key_0_V_3_reg_594                     |    9|          2|   16|         32|
    |temporary_key_0_V_5_1_reg_789                   |    9|          2|   16|         32|
    |temporary_key_0_V_5_reg_713                     |    9|          2|   16|         32|
    |temporary_key_0_V_6_reg_617                     |   15|          3|   16|         48|
    |temporary_key_0_V_72_reg_478                    |    9|          2|   16|         32|
    |temporary_key_0_V_7_1_reg_554                   |    9|          2|   16|         32|
    |temporary_key_1_V_11_reg_890                    |    9|          2|   16|         32|
    |temporary_key_1_V_1_1_reg_837                   |   15|          3|   16|         48|
    |temporary_key_1_V_1_3_reg_409                   |    9|          2|   16|         32|
    |temporary_key_1_V_1_reg_340                     |    9|          2|   16|         32|
    |temporary_key_1_V_3_1_reg_648                   |    9|          2|   16|         32|
    |temporary_key_1_V_3_reg_583                     |    9|          2|   16|         32|
    |temporary_key_1_V_5_1_reg_771                   |    9|          2|   16|         32|
    |temporary_key_1_V_5_reg_702                     |    9|          2|   16|         32|
    |temporary_key_1_V_7_1_reg_536                   |    9|          2|   16|         32|
    |temporary_key_1_V_7_reg_467                     |    9|          2|   16|         32|
    |temporary_key_2_V_11_reg_878                    |    9|          2|   16|         32|
    |temporary_key_2_V_1_1_reg_822                   |   15|          3|   16|         48|
    |temporary_key_2_V_1_3_reg_391                   |    9|          2|   16|         32|
    |temporary_key_2_V_1_reg_329                     |    9|          2|   16|         32|
    |temporary_key_2_V_3_1_reg_632                   |    9|          2|   16|         32|
    |temporary_key_2_V_3_reg_572                     |    9|          2|   16|         32|
    |temporary_key_2_V_5_1_reg_753                   |    9|          2|   16|         32|
    |temporary_key_2_V_5_reg_691                     |    9|          2|   16|         32|
    |temporary_key_2_V_7_1_reg_518                   |    9|          2|   16|         32|
    |temporary_key_2_V_7_reg_456                     |    9|          2|   16|         32|
    |temporary_key_3_V_1_1_reg_373                   |    9|          2|   16|         32|
    |temporary_key_3_V_1_reg_318                     |    9|          2|   16|         32|
    |temporary_key_3_V_3_1_reg_735                   |    9|          2|   16|         32|
    |temporary_key_3_V_3_reg_680                     |    9|          2|   16|         32|
    |temporary_key_3_V_5_1_reg_500                   |    9|          2|   16|         32|
    |temporary_key_3_V_5_reg_445                     |    9|          2|   16|         32|
    |temporary_key_3_V_9_1_reg_807                   |   15|          3|   16|         48|
    |temporary_key_3_V_9_reg_866                     |    9|          2|   16|         32|
    |temporary_key_3_V_b_reg_427                     |    9|          2|   16|         32|
    |temporary_key_3_V_reg_351                       |    9|          2|   16|         32|
    +------------------------------------------------+-----+-----------+-----+-----------+
    |Total                                           |  807|        174|  849|       1929|
    +------------------------------------------------+-----+-----------+-----+-----------+

    * Register: 
    +-------------------------------+----+----+-----+-----------+
    |              Name             | FF | LUT| Bits| Const Bits|
    +-------------------------------+----+----+-----+-----------+
    |add_ln180_8_reg_1722           |   9|   0|    9|          0|
    |ap_CS_fsm                      |  30|   0|   30|          0|
    |i2_0_reg_362                   |   3|   0|    3|          0|
    |i3_0_reg_605                   |   2|   0|    2|          0|
    |i4_0_reg_724                   |   3|   0|    3|          0|
    |i5_0_reg_489                   |   3|   0|    3|          0|
    |i7_0_reg_914                   |   3|   0|    3|          0|
    |i9_0_reg_1008                  |   3|   0|    3|          0|
    |i_0_reg_234                    |   6|   0|    6|          0|
    |i_10_reg_1663                  |   3|   0|    3|          0|
    |i_4_reg_1568                   |   3|   0|    3|          0|
    |i_5_reg_1704                   |   3|   0|    3|          0|
    |i_6_reg_1625                   |   2|   0|    2|          0|
    |i_7_reg_1600                   |   3|   0|    3|          0|
    |i_8_reg_1633                   |   3|   0|    3|          0|
    |i_op_assign_4_reg_997          |   3|   0|    3|          0|
    |i_reg_1545                     |   6|   0|    6|          0|
    |icmp_ln879_reg_1582            |   1|   0|    1|          0|
    |j_0_reg_1019                   |   6|   0|    6|          0|
    |j_reg_1717                     |   6|   0|    6|          0|
    |key_V_addr_read_reg_1550       |  16|   0|   16|          0|
    |key_V_addr_reg_1536            |  32|   0|   32|          0|
    |n_V_1_fu_118                   |  16|   0|   16|          0|
    |p_0216_0_reg_294               |   4|   0|    4|          0|
    |p_084_0_reg_306                |   8|   0|    8|          0|
    |sub_ln180_reg_1709             |   7|   0|    9|          2|
    |temporary_key_0_V_0_reg_282    |  16|   0|   16|          0|
    |temporary_key_0_V_116_reg_902  |  16|   0|   16|          0|
    |temporary_key_0_V_1_1_reg_852  |  16|   0|   16|          0|
    |temporary_key_0_V_3_1_reg_664  |  16|   0|   16|          0|
    |temporary_key_0_V_3_reg_594    |  16|   0|   16|          0|
    |temporary_key_0_V_5_1_reg_789  |  16|   0|   16|          0|
    |temporary_key_0_V_5_reg_713    |  16|   0|   16|          0|
    |temporary_key_0_V_6_reg_617    |  16|   0|   16|          0|
    |temporary_key_0_V_72_reg_478   |  16|   0|   16|          0|
    |temporary_key_0_V_7_1_reg_554  |  16|   0|   16|          0|
    |temporary_key_1_V_0_reg_270    |  16|   0|   16|          0|
    |temporary_key_1_V_11_reg_890   |  16|   0|   16|          0|
    |temporary_key_1_V_1_1_reg_837  |  16|   0|   16|          0|
    |temporary_key_1_V_1_3_reg_409  |  16|   0|   16|          0|
    |temporary_key_1_V_1_reg_340    |  16|   0|   16|          0|
    |temporary_key_1_V_3_1_reg_648  |  16|   0|   16|          0|
    |temporary_key_1_V_3_reg_583    |  16|   0|   16|          0|
    |temporary_key_1_V_5_1_reg_771  |  16|   0|   16|          0|
    |temporary_key_1_V_5_reg_702    |  16|   0|   16|          0|
    |temporary_key_1_V_7_1_reg_536  |  16|   0|   16|          0|
    |temporary_key_1_V_7_reg_467    |  16|   0|   16|          0|
    |temporary_key_2_V_0_reg_258    |  16|   0|   16|          0|
    |temporary_key_2_V_11_reg_878   |  16|   0|   16|          0|
    |temporary_key_2_V_1_1_reg_822  |  16|   0|   16|          0|
    |temporary_key_2_V_1_3_reg_391  |  16|   0|   16|          0|
    |temporary_key_2_V_1_reg_329    |  16|   0|   16|          0|
    |temporary_key_2_V_3_1_reg_632  |  16|   0|   16|          0|
    |temporary_key_2_V_3_reg_572    |  16|   0|   16|          0|
    |temporary_key_2_V_5_1_reg_753  |  16|   0|   16|          0|
    |temporary_key_2_V_5_reg_691    |  16|   0|   16|          0|
    |temporary_key_2_V_7_1_reg_518  |  16|   0|   16|          0|
    |temporary_key_2_V_7_reg_456    |  16|   0|   16|          0|
    |temporary_key_3_V_0_reg_246    |  16|   0|   16|          0|
    |temporary_key_3_V_1_1_reg_373  |  16|   0|   16|          0|
    |temporary_key_3_V_1_reg_318    |  16|   0|   16|          0|
    |temporary_key_3_V_3_1_reg_735  |  16|   0|   16|          0|
    |temporary_key_3_V_3_reg_680    |  16|   0|   16|          0|
    |temporary_key_3_V_5_1_reg_500  |  16|   0|   16|          0|
    |temporary_key_3_V_5_reg_445    |  16|   0|   16|          0|
    |temporary_key_3_V_9_1_reg_807  |  16|   0|   16|          0|
    |temporary_key_3_V_9_reg_866    |  16|   0|   16|          0|
    |temporary_key_3_V_b_reg_427    |  16|   0|   16|          0|
    |temporary_key_3_V_reg_351      |  16|   0|   16|          0|
    |trunc_ln179_reg_1638           |   2|   0|    2|          0|
    |trunc_ln180_1_reg_1578         |   2|   0|    2|          0|
    |trunc_ln192_reg_1605           |   2|   0|    2|          0|
    |trunc_ln719_reg_1673           |   2|   0|    2|          0|
    |zext_ln214_reg_1696            |   3|   0|    8|          5|
    +-------------------------------+----+----+-----+-----------+
    |Total                          | 883|   0|  890|          7|
    +-------------------------------+----+----+-----+-----------+



================================================================
== Interface
================================================================
* Summary: 
+--------------------------------+-----+-----+------------+-----------------------+--------------+
|            RTL Ports           | Dir | Bits|  Protocol  |     Source Object     |    C Type    |
+--------------------------------+-----+-----+------------+-----------------------+--------------+
|ap_clk                          |  in |    1| ap_ctrl_hs |     aes_expand_key    | return value |
|ap_rst                          |  in |    1| ap_ctrl_hs |     aes_expand_key    | return value |
|ap_start                        |  in |    1| ap_ctrl_hs |     aes_expand_key    | return value |
|ap_done                         | out |    1| ap_ctrl_hs |     aes_expand_key    | return value |
|ap_idle                         | out |    1| ap_ctrl_hs |     aes_expand_key    | return value |
|ap_ready                        | out |    1| ap_ctrl_hs |     aes_expand_key    | return value |
|m_axi_key_V_AWVALID             | out |    1|    m_axi   |         key_V         |    pointer   |
|m_axi_key_V_AWREADY             |  in |    1|    m_axi   |         key_V         |    pointer   |
|m_axi_key_V_AWADDR              | out |   32|    m_axi   |         key_V         |    pointer   |
|m_axi_key_V_AWID                | out |    1|    m_axi   |         key_V         |    pointer   |
|m_axi_key_V_AWLEN               | out |   32|    m_axi   |         key_V         |    pointer   |
|m_axi_key_V_AWSIZE              | out |    3|    m_axi   |         key_V         |    pointer   |
|m_axi_key_V_AWBURST             | out |    2|    m_axi   |         key_V         |    pointer   |
|m_axi_key_V_AWLOCK              | out |    2|    m_axi   |         key_V         |    pointer   |
|m_axi_key_V_AWCACHE             | out |    4|    m_axi   |         key_V         |    pointer   |
|m_axi_key_V_AWPROT              | out |    3|    m_axi   |         key_V         |    pointer   |
|m_axi_key_V_AWQOS               | out |    4|    m_axi   |         key_V         |    pointer   |
|m_axi_key_V_AWREGION            | out |    4|    m_axi   |         key_V         |    pointer   |
|m_axi_key_V_AWUSER              | out |    1|    m_axi   |         key_V         |    pointer   |
|m_axi_key_V_WVALID              | out |    1|    m_axi   |         key_V         |    pointer   |
|m_axi_key_V_WREADY              |  in |    1|    m_axi   |         key_V         |    pointer   |
|m_axi_key_V_WDATA               | out |   16|    m_axi   |         key_V         |    pointer   |
|m_axi_key_V_WSTRB               | out |    2|    m_axi   |         key_V         |    pointer   |
|m_axi_key_V_WLAST               | out |    1|    m_axi   |         key_V         |    pointer   |
|m_axi_key_V_WID                 | out |    1|    m_axi   |         key_V         |    pointer   |
|m_axi_key_V_WUSER               | out |    1|    m_axi   |         key_V         |    pointer   |
|m_axi_key_V_ARVALID             | out |    1|    m_axi   |         key_V         |    pointer   |
|m_axi_key_V_ARREADY             |  in |    1|    m_axi   |         key_V         |    pointer   |
|m_axi_key_V_ARADDR              | out |   32|    m_axi   |         key_V         |    pointer   |
|m_axi_key_V_ARID                | out |    1|    m_axi   |         key_V         |    pointer   |
|m_axi_key_V_ARLEN               | out |   32|    m_axi   |         key_V         |    pointer   |
|m_axi_key_V_ARSIZE              | out |    3|    m_axi   |         key_V         |    pointer   |
|m_axi_key_V_ARBURST             | out |    2|    m_axi   |         key_V         |    pointer   |
|m_axi_key_V_ARLOCK              | out |    2|    m_axi   |         key_V         |    pointer   |
|m_axi_key_V_ARCACHE             | out |    4|    m_axi   |         key_V         |    pointer   |
|m_axi_key_V_ARPROT              | out |    3|    m_axi   |         key_V         |    pointer   |
|m_axi_key_V_ARQOS               | out |    4|    m_axi   |         key_V         |    pointer   |
|m_axi_key_V_ARREGION            | out |    4|    m_axi   |         key_V         |    pointer   |
|m_axi_key_V_ARUSER              | out |    1|    m_axi   |         key_V         |    pointer   |
|m_axi_key_V_RVALID              |  in |    1|    m_axi   |         key_V         |    pointer   |
|m_axi_key_V_RREADY              | out |    1|    m_axi   |         key_V         |    pointer   |
|m_axi_key_V_RDATA               |  in |   16|    m_axi   |         key_V         |    pointer   |
|m_axi_key_V_RLAST               |  in |    1|    m_axi   |         key_V         |    pointer   |
|m_axi_key_V_RID                 |  in |    1|    m_axi   |         key_V         |    pointer   |
|m_axi_key_V_RUSER               |  in |    1|    m_axi   |         key_V         |    pointer   |
|m_axi_key_V_RRESP               |  in |    2|    m_axi   |         key_V         |    pointer   |
|m_axi_key_V_BVALID              |  in |    1|    m_axi   |         key_V         |    pointer   |
|m_axi_key_V_BREADY              | out |    1|    m_axi   |         key_V         |    pointer   |
|m_axi_key_V_BRESP               |  in |    2|    m_axi   |         key_V         |    pointer   |
|m_axi_key_V_BID                 |  in |    1|    m_axi   |         key_V         |    pointer   |
|m_axi_key_V_BUSER               |  in |    1|    m_axi   |         key_V         |    pointer   |
|key_V_offset                    |  in |   31|   ap_none  |      key_V_offset     |    scalar    |
|key_V_offset_offset             |  in |    8|   ap_none  |  key_V_offset_offset  |    scalar    |
|s_box_V_address0                | out |   10|  ap_memory |        s_box_V        |     array    |
|s_box_V_ce0                     | out |    1|  ap_memory |        s_box_V        |     array    |
|s_box_V_q0                      |  in |    8|  ap_memory |        s_box_V        |     array    |
|expanded_key_matrix_V_address0  | out |    8|  ap_memory | expanded_key_matrix_V |     array    |
|expanded_key_matrix_V_ce0       | out |    1|  ap_memory | expanded_key_matrix_V |     array    |
|expanded_key_matrix_V_we0       | out |    1|  ap_memory | expanded_key_matrix_V |     array    |
|expanded_key_matrix_V_d0        | out |   16|  ap_memory | expanded_key_matrix_V |     array    |
+--------------------------------+-----+-----+------------+-----------------------+--------------+

